access@@GLIBC_2.0 U         
AES_cbc_encrypt U         
aes_decrypt t 0806c260 00000029
aes_encrypt t 0806c230 00000029
aes_set_decrypt_key t 0806c1f0 00000035
AES_set_decrypt_key U         
aes_set_encrypt_key t 0806c1b0 00000035
AES_set_encrypt_key U         
alldigits t 0806b3d0 0000002c
alloc_key t 0806c0f0 0000001d
alphabet d 08079a60 00000041
ask_userauth t 080698c0 00000042
_base64_to_bin t 08070680 00000139
base64_to_bin T 080707c0 0000015f
BF_cbc_encrypt U         
BF_set_key U         
bind@@GLIBC_2.0 U         
bin_to_base64 T 08070920 0000018d
blowfish_decrypt t 0806c180 00000029
blowfish_encrypt t 0806c150 00000029
blowfish_set_key t 0806c110 00000033
BN_bin2bn U         
BN_bn2bin U         
BN_bn2dec U         
BN_bn2hex U         
BN_clear_free U         
BN_cmp U         
BN_CTX_free U         
BN_CTX_new U         
BN_dec2bn U         
BN_dup U         
BN_is_bit_set U         
BN_mod_exp U         
BN_new U         
BN_num_bits U         
BN_rand U         
BN_set_word U         
__bss_start A 08079aa4 
buffer_add_attributes T 0806de00 00000126
buffer_add_buffer T 08064e60 0000002c
buffer_add_data T 08064d00 00000042
buffer_add_data_begin T 08064df0 0000004e
buffer_add_ssh_string T 08064d50 00000029
buffer_add_u32 T 08064d80 0000001a
buffer_add_u64 T 08064da0 00000026
buffer_add_u8 T 08064dd0 00000020
buffer_free T 08064c50 0000004e
buffer_get T 08064e40 0000000a
buffer_get_data T 08064f20 00000045
buffer_get_len T 08064e50 0000000b
buffer_get_mpint T 08065050 0000007f
buffer_get_rest T 08064e90 0000000f
buffer_get_rest_len T 08064ea0 00000010
buffer_get_ssh_string T 08064fd0 0000007e
buffer_get_u32 T 08064f90 00000017
buffer_get_u64 T 08064fb0 00000017
buffer_get_u8 T 08064f70 00000017
buffer_new T 08064c20 0000002a
buffer_pass_bytes T 08064eb0 00000036
buffer_pass_bytes_end T 08064ef0 00000027
buffer_reinit T 08064ca0 0000002d
burn t 08069910 00000028
call_gmon_start t 080506c0 
calloc@@GLIBC_2.0 U         
channel_change_pty_size T 080672a0 0000007c
channel_close T 08066c60 00000094
channel_default_bufferize T 080664d0 0000006b
channel_free T 08066d00 000000ac
channel_from_msg t 08066440 0000008c
channel_get_session T 08067710 0000000b
channel_handle T 08066750 000003b7
channel_is_closed T 08066fb0 00000025
channel_is_eof T 08066fe0 0000004f
channel_is_open T 08066f80 00000029
channel_new T 080660a0 00000075
channel_open t 08066140 000002c3
channel_open_forward T 08066b40 000000a8
channel_open_session T 08066b10 00000021
channel_poll T 08067600 00000077
channel_rcv_data t 08066540 0000020a
channel_read T 080674a0 0000015d
channel_read_nonblocking T 08067680 0000008b
channel_request t 08067040 00000175
channel_request_env T 080673c0 00000071
channel_request_exec T 08067440 00000054
channel_request_pty T 08067280 00000019
channel_request_pty_size T 080671c0 000000b5
channel_request_sftp T 080673a0 00000016
channel_request_shell T 08067320 0000001a
channel_request_subsystem T 08067340 00000054
channel_select T 08067740 00000566
channel_send_eof T 08066bf0 0000006f
channel_set_blocking T 08067030 0000000e
channel_write T 08066db0 000001cb
chdir@@GLIBC_2.0 U         
cipher_free T 0806c4c0 00000035
cipher_new T 0806c480 00000033
clearconsole T 0805fd2c 0000005b
close@@GLIBC_2.0 U         
completed.4497 b 08079ad4 00000001
compress_buffer T 0806bd50 0000005f
connect@@GLIBC_2.0 U         
count_ptrs t 08067720 0000001a
crypto_free T 0806c530 000000b2
CRYPTO_free U         
crypto_new T 0806c500 0000002a
crypt_set_algorithms T 0806c5f0 00000243
crypt_set_algorithms_server T 0806c840 00000298
__CTOR_END__ d 08078964 
__CTOR_LIST__ d 08078944 
__cxa_atexit@@GLIBC_2.1.3 U         
__cxa_begin_catch@@CXXABI_1.3 U         
__cxa_end_catch@@CXXABI_1.3 U         
__cxa_guard_acquire@@CXXABI_1.3 U         
__cxa_guard_release@@CXXABI_1.3 U         
__data_start D 08079240 
data_start W 08079240 
decompress_buffer T 0806bf00 00000065
default_get_password t 0806ac70 0000006a
default_methods D 08079900 0000002c
deflate U         
deflateInit_ U         
des3_1_decrypt t 0806c410 00000070
des3_1_encrypt t 0806c3a0 00000070
des3_decrypt t 0806c360 00000036
des3_encrypt t 0806c320 00000036
des3_set_key t 0806c290 00000084
DES_ede3_cbc_encrypt U         
DES_ncbc_encrypt U         
DES_set_key_unchecked U         
DES_set_odd_parity U         
dh_build_k T 080634e0 00000093
dh_generate_e T 08063250 00000056
dh_generate_f T 080632b0 00000058
dh_generate_x T 080631d0 00000038
dh_generate_y T 08063210 00000038
dh_get_e T 08063420 00000017
dh_get_f T 08063440 00000018
dh_import_e T 080634b0 00000023
dh_import_f T 08063480 00000024
dh_import_pubkey T 08063460 00000017
__do_global_ctors_aux t 08070b80 
__do_global_dtors_aux t 080506f0 
DSA_do_sign U         
DSA_do_verify U         
DSA_free U         
DSA_new U         
DSA_SIG_free U         
DSA_SIG_new U         
__dso_handle d 08079244 
__DTOR_END__ d 0807896c 
__DTOR_LIST__ d 08078968 
DW.ref.__gxx_personality_v0 V 0807924c 00000004
DW.ref._ZTISt9exception V 08079250 00000004
_DYNAMIC A 080789c4 
_edata A 08079aa4 
encrypt_session_key T 08065a10 0000015d
_end A 0807bb9c 
endpwent@@GLIBC_2.0 U         
ERR_error_string U         
ERR_get_error U         
__errno_location@@GLIBC_2.0 U         
EVP_md5 U         
EVP_sha1 U         
exit@@GLIBC_2.0 U         
fchmod@@GLIBC_2.0 U         
fclose@@GLIBC_2.1 U         
fcntl@@GLIBC_2.0 U         
fflush@@GLIBC_2.0 U         
fgets@@GLIBC_2.0 U         
_fini T 08070bb0 
__fini_array_end a 08079aa4 
__fini_array_start a 08079aa4 
fopen@@GLIBC_2.1 U         
_fp_hw R 08070be0 00000004
fprintf@@GLIBC_2.0 U         
fputc@@GLIBC_2.0 U         
frame_dummy t 08050720 
__FRAME_END__ r 08075e90 
freeaddrinfo@@GLIBC_2.0 U         
free@@GLIBC_2.0 U         
fwrite@@GLIBC_2.0 U         
g b 08079b84 00000004
gai_strerror@@GLIBC_2.1 U         
generate_one_key t 080638c0 00000072
generate_session_keys T 08063940 000002d7
getaddrinfo@@GLIBC_2.0 U         
getai t 08064200 00000082
getchar@@GLIBC_2.0 U         
getenv@@GLIBC_2.0 U         
geteuid@@GLIBC_2.0 U         
getopt@@GLIBC_2.0 U         
getopt_long@@GLIBC_2.0 U         
getpass@@GLIBC_2.0 U         
get_password_specified t 0806ace0 0000002a
getpwent@@GLIBC_2.0 U         
getsockopt@@GLIBC_2.0 U         
getuid@@GLIBC_2.0 U         
g_int d 08079860 00000004
global constructors keyed to main t 080605be 00000017
global constructors keyed to _ZN12AbstractSftpC2EP7QWidget t 0805bf90 00000017
global constructors keyed to _ZN18AbstractDetailsWin16staticMetaObjectE t 08061390 00000017
global constructors keyed to _ZN3Cli10InitializeEiPPc t 0805fcbe 00000017
global constructors keyed to _ZN3Gui15ExecLoginMethodEv t 0805e2f4 00000017
global constructors keyed to _ZN3Gui16staticMetaObjectE t 08060d46 00000017
global constructors keyed to _ZN3GuiC2EP7QWidget t 0805259c 00000017
_GLOBAL_OFFSET_TABLE_ D 08078bb0 
__gmon_start__ w         
__gxx_personality_v0@@CXXABI_1.3 U         
gzip_compress T 0806bc30 00000117
gzip_decompress T 0806bdb0 00000144
handle_signal T 0805fd88 00000068
hashbufin_add_cookie T 08063880 0000003a
hashbufout_add_cookie T 08063810 00000066
HMAC_CTX_cleanup U         
hmac_final T 0806c0c0 0000002e
HMAC_Final U         
hmac_init T 0806c040 00000067
HMAC_Init U         
hmac_update T 0806c0b0 00000009
HMAC_Update U         
home.11995 b 08079b8c 00000004
__i686.get_pc_thunk.bx T 080506e5 
inflate U         
inflateInit_ U         
_init T 0804ec70 
init.9411 b 08079b7c 00000004
__init_array_end a 08079aa4 
__init_array_start a 08079aa4 
_IO_stdin_used R 08070be4 00000004
__JCR_END__ d 08078970 
__JCR_LIST__ d 08078970 
_Jv_RegisterClasses w         
kbdauth_info_get t 0806a460 000003c1
kbdint_free t 0806a360 000000f7
keys_path d 08079940 00000014
.L121 t 08060742 
.L122 t 08060760 
.L123 t 08060773 
.L124 t 080607d4 
.L125 t 080607e7 
.L126 t 080607fa 
.L127 t 0806080d 
.L128 t 08060820 
.L129 t 08060833 
.L130 t 08060846 
.L131 t 08060875 
.L132 t 080608a4 
.L133 t 080608d3 
.L134 t 08060902 
.L135 t 08060915 
.L136 t 08060928 
.L137 t 08060957 
.L138 t 08060986 
.L139 t 080609b5 
.L140 t 080609d3 
.L141 t 080609e8 
.L142 t 08060a18 
.L143 t 08060a47 
.L144 t 08060a5a 
.L145 t 08060a6d 
.L146 t 08060a80 
.L147 t 08060a93 
.L148 t 08060af4 
.L149 t 08060b91 
.L150 t 08060bf2 
.L151 t 08060c10 
.L152 t 08060c76 
.L153 t 08060c86 
.L43 t 0806129f 
.L44 t 080612af 
.L45 t 080612bf 
.L46 t 080612da 
.L47 t 080612ea 
__libc_csu_fini T 08070b20 0000005d
__libc_csu_init T 08070ab0 00000068
__libc_start_main@@GLIBC_2.0 U         
macsize d 080797dc 00000004
main T 080601f8 00000341
make_bignum_string T 08063310 000000c7
make_rsa1_string t 08065980 0000008b
make_sessionid T 08063580 00000286
make_string_bn T 080633e0 0000003e
malloc@@GLIBC_2.0 U         
md5_final T 0806c010 00000023
MD5_Final U         
md5_init T 0806bfe0 0000001f
MD5_Init U         
md5_update T 0806c000 00000009
MD5_Update U         
memcpy@@GLIBC_2.0 U         
memmove@@GLIBC_2.0 U         
memset@@GLIBC_2.0 U         
message_new t 0806f7a0 00000052
ntohll T 0806bbf0 00000034
open@@GLIBC_2.0 U         
OPENSSL_add_all_algorithms_noconf U         
optarg@@GLIBC_2.0 B 08079ac8 00000004
opterr@@GLIBC_2.0 B 08079ac0 00000004
optind@@GLIBC_2.0 B 08079acc 00000004
optopt@@GLIBC_2.0 B 08079ad0 00000004
out_buf.8807 b 08079ba0 00000ffc
out_buf.8848 b 0807aba0 00000ffc
p b 08079b80 00000004
p.4496 d 08079248 
packet_blocking_flush t 08062a60 00000145
packet_clear_out T 08063030 0000002f
packet_decrypt T 08063f20 00000091
packet_decrypt_len T 08063fc0 0000005d
packet_encrypt T 08064020 0000013c
packet_flush T 08062bb0 00000026
packet_hmac_verify T 08064160 00000095
packet_nonblocking_flush t 080628f0 00000163
packet_parse T 08062e80 000000fd
packet_read T 08062830 0000000c
packet_read2 t 08062420 00000406
packet_send T 08062be0 00000295
packet_translate T 08062840 000000ab
packet_wait T 08062f80 000000a2
parse_handle_msg T 0806d490 000000c1
parse_status_msg T 0806d320 0000010e
pausethis T 0805fdf0 00000041
pclose@@GLIBC_2.1 U         
PEM_read_DSAPrivateKey U         
PEM_read_RSAPrivateKey U         
perror@@GLIBC_2.0 U         
popen@@GLIBC_2.1 U         
printf@@GLIBC_2.0 U         
private_key_free T 0806afb0 0000004e
_privatekey_from_file T 0806aea0 0000010e
privatekey_from_file T 0806ad10 00000184
pubkey_get_hash T 08063c70 00000009
pub_keys_path d 0807992c 00000014
publickey_free T 08068c40 00000065
publickey_from_file T 0806b000 000001bd
publickey_from_next_file T 0806b1c0 0000020e
publickey_from_privatekey T 08068e20 000000f6
publickey_from_string T 08068cb0 00000161
publickey_make_dss T 080689b0 00000179
publickey_make_rsa T 08068b30 0000010c
publickey_to_string T 08068f20 0000014f
putchar@@GLIBC_2.0 U         
p_value d 080797e0 00000080
qt_meta_data_AbstractDetailsWin r 08071d80 00000040
qt_meta_data_AbstractMenu r 08071c00 0000002c
qt_meta_data_AbstractSftp r 08071c60 00000090
qt_meta_data_AbstractTermEmu r 08071e20 0000007c
qt_meta_data_Gui r 08071640 000002c0
qt_meta_stringdata_AbstractDetailsWin r 08071dc0 00000021
qt_meta_stringdata_AbstractMenu r 08071c2c 0000000e
qt_meta_stringdata_AbstractSftp r 08071d00 00000074
qt_meta_stringdata_AbstractTermEmu r 08071ea0 0000004c
qt_meta_stringdata_Gui r 08071900 0000020a
raise@@GLIBC_2.0 U         
RAND_bytes U         
RAND_pseudo_bytes U         
read@@GLIBC_2.0 U         
realloc_buffer t 08064cd0 00000027
realloc@@GLIBC_2.0 U         
request_queue_free T 0806d270 0000001c
request_queue_new T 0806d1a0 0000001b
reverse T 0805fe94 00000077
RSA_do_sign t 08069570 00000084
RSA_free U         
RSA_new U         
RSA_public_encrypt U         
RSA_sign U         
RSA_size U         
RSA_verify U         
scanf@@GLIBC_2.0 U         
select@@GLIBC_2.0 U         
set_kex T 080656b0 00000184
sftp_attributes_free T 0806e190 00000098
sftp_canonicalize_path T 0806efb0 0000013f
sftp_dequeue T 0806d290 0000007b
sftp_dir_close T 0806e390 00000061
sftp_dir_eof T 0806e180 0000000b
sftp_enqueue T 0806d1c0 0000005d
sftp_file_close T 0806e340 0000004e
sftp_file_set_blocking T 0806e590 0000000f
sftp_file_set_nonblocking T 0806e580 0000000f
sftp_free T 0806cb80 00000067
sftp_fstat T 0806f250 00000108
sftp_get_message T 0806cf10 000000ff
sftp_get_new_id T 0806d310 0000000f
sftp_handle_close t 0806e230 00000104
sftp_init T 0806d010 00000187
sftp_lstat T 0806f230 00000017
sftp_message_free t 0806cb50 0000002b
sftp_mkdir T 0806ec00 0000012a
sftp_new T 0806cbf0 0000008d
sftp_open T 0806e400 0000017c
sftp_opendir T 0806d560 00000176
sftp_packet_free T 0806cb20 00000027
sftp_packet_read T 0806cd20 000000c1
sftp_packet_write T 0806cc80 000000a0
sftp_parse_attr T 0806df30 00000059
sftp_parse_attr_3 T 0806daf0 00000302
sftp_parse_attr_4 T 0806d6e0 00000401
sftp_read T 0806e5a0 00000239
sftp_read_and_dispatch T 0806d220 00000050
sftp_readdir T 0806dfa0 000001d7
sftp_rename T 0806ed30 00000146
sftp_rewind T 0806e9a0 00000016
sftp_rm T 0806e9c0 0000011a
sftp_rmdir T 0806eae0 0000011a
sftp_seek T 0806e970 00000016
sftp_server_init T 0806cdf0 00000116
sftp_server_new T 0806cae0 00000033
sftp_server_version T 0806df90 0000000b
sftp_setstat T 0806ee80 0000012a
sftp_stat T 0806f210 00000017
sftp_tell T 0806e990 0000000b
sftp_write T 0806e7e0 0000018e
sftp_xstat T 0806f0f0 00000119
sha1 T 0806bfd0 00000009
SHA1 U         
sha1_final T 0806bfa0 00000023
SHA1_Final U         
sha1_init T 0806bf70 0000001f
SHA1_Init U         
sha1_update T 0806bf90 00000009
SHA1_Update U         
show_menu T 0805ff0c 0000010d
signal@@GLIBC_2.0 U         
signature_free T 080694f0 00000075
signature_from_string T 08069210 000002db
signature_to_string T 08069070 00000198
signature_verify T 08063ca0 0000027c
slowcout T 0806001a 00000052
snprintf@@GLIBC_2.0 U         
socket@@GLIBC_2.0 U         
socket_read t 080621b0 00000262
space_tokenize T 08065310 000000d9
sprintf@@GLIBC_2.0 U         
ssh_analyze_banner T 08061940 00000097
ssh_channel_from_local T 08066410 00000025
ssh_channel_new_id T 08066120 00000017
ssh_ciphertab d 08079960 000000fc
ssh_cleanup T 0806f3c0 000001c3
ssh_connect T 08061b60 00000568
ssh_connect_ai_timeout T 08064290 00000151
ssh_connect_host T 080643f0 000001f0
ssh_copyright T 080621a0 0000000a
ssh_crypto_init T 08063090 0000005b
ssh_disconnect T 08062100 0000009c
ssh_do_sign T 08069600 0000015b
ssh_encrypt_rsa1 T 08069760 00000051
ssh_fd_poll T 080645e0 000001e9
ssh_file_readaccess_ok T 0806bbd0 00000020
ssh_find_matching T 080653f0 00000144
ssh_get_banner T 080618a0 00000095
ssh_get_disconnect_message T 0806f730 0000005a
ssh_get_error T 08064bb0 0000000b
ssh_get_error_code T 08064bc0 0000000a
ssh_get_fd T 0806f610 0000000e
ssh_get_issue_banner T 080620d0 00000024
ssh_get_kex T 08065540 0000012f
ssh_get_kex1 T 08065b70 00000530
ssh_get_pubkey T 08063c80 0000001b
ssh_get_pubkey_hash T 08063c20 0000004e
ssh_get_random T 08063060 00000022
ssh_get_status T 0806f6f0 0000003f
ssh_get_user_home_dir T 0806bae0 000000e4
ssh_get_version T 0806f790 0000000e
ssh_handle_packets T 0806f680 00000063
ssh_is_server_known T 0806b400 000004b3
ssh_kex_nums D 08079880 0000002c
ssh_list_kex T 08065670 0000003c
ssh_message_auth_password T 0806f810 0000000b
ssh_message_auth_reply_default t 0806f840 000002cc
ssh_message_auth_reply_success T 0806fb10 0000004e
ssh_message_auth_set_methods T 0806f820 00000013
ssh_message_auth_user T 0806f800 0000000b
ssh_message_channel_request_open_reply_accept T 0806fb60 0000011b
ssh_message_channel_request_reply_success T 0806fc90 0000008a
ssh_message_channel_request_subsystem T 0806fc80 0000000b
ssh_message_free T 08070540 00000135
ssh_message_get T 0806fd20 00000655
ssh_message_reply_default T 080703d0 00000161
ssh_message_subtype T 08070390 00000035
ssh_message_type T 08070380 0000000b
ssh_new T 0806f360 0000005d
ssh_options_allow_ssh1 T 08068420 00000018
ssh_options_allow_ssh2 T 08068440 00000018
ssh_options_copy T 08067d20 00000191
ssh_options_default_known_hosts_file T 08068380 0000005b
ssh_options_default_ssh_dir T 08068320 00000053
ssh_options_default_username T 08068280 000000a0
ssh_options_free T 08067ec0 000000d1
ssh_options_getopt T 08068460 0000051c
ssh_options_new T 08067cb0 0000004d
ssh_options_set_banner T 080681b0 00000030
ssh_options_set_bind T 08068080 00000024
ssh_options_set_dsa_server_key T 08068170 0000001a
ssh_options_set_fd T 08068070 0000000e
ssh_options_set_host T 08067fa0 0000008e
ssh_options_set_identity T 08068130 0000003b
ssh_options_set_known_hosts_file T 080680f0 0000003b
ssh_options_set_port T 08067d00 00000012
ssh_options_set_rsa_server_key T 08068190 0000001a
ssh_options_set_ssh_dir T 080680b0 0000003b
ssh_options_set_status_callback T 080683e0 00000014
ssh_options_set_timeout T 08068400 00000014
ssh_options_set_username T 08068030 00000032
ssh_options_set_wanted_algos T 080681e0 00000099
ssh_print_bignum T 080630f0 0000004f
ssh_print_hexa T 08063140 00000090
ssh_say T 08064bd0 00000037
ssh_select T 080647d0 000003af
ssh_send_banner T 080619e0 000000c2
ssh_send_kex T 08065840 000000ea
ssh_service_request T 08061ab0 000000a3
ssh_set_blocking T 0806f5f0 0000001b
ssh_set_error T 08064b80 00000030
ssh_set_fd_except T 0806f660 00000012
ssh_set_fd_toread T 0806f620 00000012
ssh_set_fd_towrite T 0806f640 00000012
ssh_set_options T 0806f5d0 00000011
ssh_set_verbosity T 08064c10 0000000d
ssh_sign_session_id T 080697c0 000000fb
ssh_silent_disconnect T 0806f590 0000003e
ssh_type_to_char T 08068980 00000024
ssh_userauth_autopubkey T 0806a060 000002fb
ssh_userauth_kbdint T 0806a830 000002e1
ssh_userauth_kbdint_getinstruction T 0806ab50 00000011
ssh_userauth_kbdint_getname T 0806ab30 00000011
ssh_userauth_kbdint_getnprompts T 0806ab20 00000010
ssh_userauth_kbdint_getprompt T 0806ab70 00000047
ssh_userauth_kbdint_setanswer T 0806abc0 000000a4
ssh_userauth_none T 08069ad0 00000107
ssh_userauth_offer_pubkey T 08069be0 00000165
ssh_userauth_password T 08069f00 0000015b
ssh_userauth_pubkey T 08069d50 000001a3
ssh_write_knownhost T 0806b8c0 00000213
_start T 08050690 
status_msg_free T 0806d430 00000060
stderr@@GLIBC_2.0 B 08079ac4 00000004
strcasecmp@@GLIBC_2.0 U         
strcat@@GLIBC_2.0 U         
strchr@@GLIBC_2.0 U         
strcmp@@GLIBC_2.0 U         
strcpy@@GLIBC_2.0 U         
__strdup@@GLIBC_2.0 U         
strdup@@GLIBC_2.0 U         
strerror@@GLIBC_2.0 U         
string_burn T 08065230 00000022
string_copy T 080651e0 0000004c
string_data T 08065260 0000000b
string_fill T 08065100 00000012
string_from_char T 08065120 00000048
string_len T 08065170 00000015
string_new T 080650d0 00000025
string_to_char T 08065190 00000044
strlen@@GLIBC_2.0 U         
strncasecmp@@GLIBC_2.0 U         
strstr@@GLIBC_2.0 U         
__strtol_internal@@GLIBC_2.0 U         
supported_methods D 080798c0 0000002c
__tcf_0 t 08052518 0000002a
__tcf_0 t 0805bf0c 0000002a
__tcf_0 t 0805e270 0000002a
__tcf_0 t 0805fc3a 0000002a
__tcf_0 t 0806053a 0000002a
__tcf_0 t 08060cc2 0000002a
__tcf_0 t 0806130c 0000002a
tokenize t 08065270 00000091
_Unwind_Resume@@GCC_3.0 U         
usleep@@GLIBC_2.0 U         
verbosity b 08079b88 00000004
verify_existing_algo T 08065930 00000043
vfprintf@@GLIBC_2.0 U         
vsnprintf@@GLIBC_2.0 U         
w32_wait T 0806006c 0000002f
wait_auth_status t 08069940 00000189
write@@GLIBC_2.0 U         
printBinary(unsigned char) T 0805fe32 00000062
q_atomic_decrement(int volatile*) W 080525d2 0000001d
q_atomic_increment(int volatile*) W 080525b4 0000001d
__static_initialization_and_destruction_0(int, int) t 08052542 0000005a
__static_initialization_and_destruction_0(int, int) t 0805bf36 0000005a
__static_initialization_and_destruction_0(int, int) t 0805e29a 0000005a
__static_initialization_and_destruction_0(int, int) t 0805fc64 0000005a
__static_initialization_and_destruction_0(int, int) t 08060564 0000005a
__static_initialization_and_destruction_0(int, int) t 08060cec 0000005a
__static_initialization_and_destruction_0(int, int) t 08061336 0000005a
qFree(void*) U         
spawn(char const**) T 0806009c 0000015b
qt_assert(char const*, char const*, int) U         
operator delete(void*)@@GLIBCXX_3.4 U         
guard variable for QSignalSpy::QSignalSpy(QObject*, char const*)::memberOffset V 08079ae0 00000008
guard variable for Cli::Initialize(int, char**)::long_opt b 08079b08 00000008
QBoxLayout::insertStretch(int, int) U         
QBoxLayout::addLayout(QLayout*, int) U         
QBoxLayout::addWidget(QWidget*, int, QFlags<Qt::AlignmentFlag>) U         
QByteArray::~QByteArray() W 08052662 00000041
QTableView::setShowGrid(bool) U         
QTableView::setGridStyle(Qt::PenStyle) U         
QTableView::QTableView(QWidget*) U         
QTabWidget::addTab(QWidget*, QString const&) U         
QTabWidget::QTabWidget(QWidget*) U         
QTcpSocket::QTcpSocket(QObject*) U         
QFileDialog::getOpenFileName(QWidget*, QString const&, QString const&, QString const&, QString*, QFlags<QFileDialog::Option>) U         
QGridLayout::setColumnStretch(int, int) U         
QGridLayout::addItem(QLayoutItem*, int, int, int, int, QFlags<Qt::AlignmentFlag>) U         
QGridLayout::addLayout(QLayout*, int, int, QFlags<Qt::AlignmentFlag>) U         
QGridLayout::addLayout(QLayout*, int, int, int, int, QFlags<Qt::AlignmentFlag>) U         
QGridLayout::addWidget(QWidget*, int, int, QFlags<Qt::AlignmentFlag>) U         
QGridLayout::addWidget(QWidget*, int, int, int, int, QFlags<Qt::AlignmentFlag>) U         
QGridLayout::QGridLayout(QWidget*) U         
QGridLayout::QGridLayout() U         
QHBoxLayout::QHBoxLayout() U         
QLatin1Char::QLatin1Char(char) W 0805e328 00000016
QLayoutItem::QLayoutItem(QFlags<Qt::AlignmentFlag>) W 080528d0 00000040
QListWidget::insertItem(int, QListWidgetItem*) U         
QListWidget::setCurrentItem(QListWidgetItem*) U         
QListWidget::clear() U         
QListWidget::addItem(QListWidgetItem*) W 0805e606 00000038
QListWidget::QListWidget(QWidget*) U         
QMainWindow::setMenuBar(QMenuBar*) U         
QMainWindow::qt_metacall(QMetaObject::Call, int, void**) U         
QMainWindow::qt_metacast(char const*) U         
QMainWindow::createPopupMenu() U         
QMainWindow::contextMenuEvent(QContextMenuEvent*) U         
QMainWindow::setCentralWidget(QWidget*) U         
QMainWindow::staticMetaObject U         
QMainWindow::event(QEvent*) U         
QMainWindow::QMainWindow(QWidget*, QFlags<Qt::WindowType>) U         
QMainWindow::~QMainWindow() U         
QMessageBox::setWindowTitle(QString const&) U         
QMessageBox::setIcon(QMessageBox::Icon) U         
QMessageBox::setText(QString const&) U         
QMessageBox::QMessageBox(QWidget*) U         
QModelIndex::~QModelIndex() W 0805c0d8 00000019
QPushButton::QPushButton(QString const&, QWidget*) U         
QSizePolicy::QSizePolicy(QSizePolicy::Policy, QSizePolicy::Policy) W 08052824 00000019
QSpacerItem::QSpacerItem(int, int, QSizePolicy::Policy, QSizePolicy::Policy) W 08052910 0000008b
QVBoxLayout::QVBoxLayout(QWidget*) U         
QVBoxLayout::QVBoxLayout() U         
AbstractMenu::qt_metacall(QMetaObject::Call, int, void**) T 08060fc8 00000047
AbstractMenu::qt_metacast(char const*) T 08060f68 00000060
AbstractMenu::staticMetaObject D 08078984 00000010
AbstractMenu::AbstractMenu(QWidget*) T 080541f0 000016e8
AbstractMenu::AbstractMenu(QWidget*) T 08052b08 000016e8
AbstractMenu::~AbstractMenu() W 08061086 00000065
AbstractMenu::~AbstractMenu() W 08061018 00000065
AbstractSftp::RedispTest() W 080613a8 00000031
AbstractSftp::qt_metacall(QMetaObject::Call, int, void**) T 08061246 000000c6
AbstractSftp::qt_metacast(char const*) T 080611e6 00000060
AbstractSftp::UpdateLocalFs(QListWidgetItem*) T 080558d8 000000df
AbstractSftp::UpdateLocalFs() T 080559b8 00000005
AbstractSftp::ListLocalFiles() T 080559be 00000005
AbstractSftp::EnableDetailsBt() T 080559c4 0000008f
AbstractSftp::staticMetaObject D 08078994 00000010
AbstractSftp::AbstractSftp(QWidget*) T 08056d96 00001e39
AbstractSftp::AbstractSftp(QWidget*) T 08058bd0 00001e39
AbstractSftp::~AbstractSftp() W 08061450 00000065
AbstractSftp::~AbstractSftp() W 080613e2 00000065
QApplication::setOverrideCursor(QCursor const&) U         
QApplication::restoreOverrideCursor() U         
QApplication::setDesktopSettingsAware(bool) U         
QApplication::exec() U         
QApplication::setStyle(QStyle*) U         
QApplication::QApplication(int&, char**, bool, int) U         
QBasicAtomic::ref() W 080525f0 00000031
QBasicAtomic::deref() W 08052622 00000031
QProgressBar::setMaximum(int) U         
QProgressBar::setTextVisible(bool) U         
QProgressBar::setValue(int) U         
QProgressBar::QProgressBar(QWidget*) U         
QStackedWidget::setCurrentWidget(QWidget*) U         
QStackedWidget::addWidget(QWidget*) U         
QStackedWidget::QStackedWidget(QWidget*) U         
AbstractTermEmu::qt_metacall(QMetaObject::Call, int, void**) T 0806160c 0000012b
AbstractTermEmu::qt_metacast(char const*) T 080615ac 00000060
AbstractTermEmu::ColorizeTermEmu() T 0805ea98 0000024c
AbstractTermEmu::staticMetaObject D 080789b4 00000010
AbstractTermEmu::RunCmd() T 0805f44a 00000173
AbstractTermEmu::Activate() T 0805f5be 00000026
AbstractTermEmu::GetInput() T 0805f418 00000031
AbstractTermEmu::AbstractTermEmu(QWidget*) T 0805f07e 0000039a
AbstractTermEmu::AbstractTermEmu(QWidget*) T 0805ece4 0000039a
AbstractTermEmu::~AbstractTermEmu() W 080617f2 000000a9
AbstractTermEmu::~AbstractTermEmu() W 08061740 000000a9
QListWidgetItem::setIcon(QIcon const&) W 0805e58a 0000007c
QListWidgetItem::setText(QString const&) W 0805e50e 0000007c
QListWidgetItem::QListWidgetItem(QListWidget*, int) U         
QPlastiqueStyle::QPlastiqueStyle() U         
QCoreApplication::setApplicationName(QString const&) U         
QCoreApplication::self U         
QCoreApplication::instance() W 0805e4ae 00000019
QFileIconProvider::QFileIconProvider() U         
AbstractDetailsWin::qt_metacall(QMetaObject::Call, int, void**) T 08061164 00000069
AbstractDetailsWin::qt_metacast(char const*) T 08061104 00000060
AbstractDetailsWin::staticMetaObject D 080789a4 00000010
AbstractDetailsWin::SelectKey() T 0805bd4c 000001bf
AbstractDetailsWin::AbstractDetailsWin(QWidget*) T 08055a54 00001341
AbstractDetailsWin::AbstractDetailsWin(QWidget*) T 0805aa0a 00001341
AbstractDetailsWin::~AbstractDetailsWin() W 0806152c 00000065
AbstractDetailsWin::~AbstractDetailsWin() W 080614be 00000065
QStandardItemModel::QStandardItemModel(int, int, QObject*) U         
Cli::Initialize(int, char**) T 0805f87a 000003bf
Cli::Usage(char**, bool) T 0805f712 00000114
Cli::Present() T 0805f6d4 0000003e
Cli::EnableGui() W 08060656 0000000f
Cli::LaunchTui() T 0805f826 00000054
Cli::Cli() W 08060650 00000005
Gui::CdUpRemote() W 08060d96 00000005
Gui::PasswLogin() W 0805e9e4 000000b1
Gui::PubKeyLogin() T 0805c2ba 00000005
Gui::qt_metacall(QMetaObject::Call, int, void**) T 080606e0 000005e2
Gui::qt_metacast(char const*) T 08060680 00000060
Gui::SetHostname(char const*) W 080605d6 0000007a
Gui::ListRemoteFs() T 0805d8d2 000002e8
Gui::SetCallbacks() T 0805c934 00000257
Gui::InteractLogin() T 0805c2b4 00000005
Gui::SetAesthetics() T 0805c76c 000001c7
Gui::UpdateLocalFs() T 0805cf10 000001fa
Gui::EnableConnectBt() W 08060d9c 00000047
Gui::ExecLoginMethod() T 0805dbba 000000b8
Gui::staticMetaObject D 08078974 00000010
Gui::About() T 0805c4ac 0000013c
Gui::Login() T 0805dc72 000005fe
Gui::Retry() T 0805cde0 00000130
Gui::Cancel() T 0805c5e8 00000005
Gui::Logout() T 0805d10a 00000216
Gui::Upload() W 08060de4 00000005
Gui::ShowMsg(QString) T 0805cd82 0000005d
Gui::Download() T 0805d320 000005b2
Gui::Progress(int) T 0805c6ce 0000009e
Gui::Progress(int, bool) T 0805c680 0000004e
Gui::SetTitle(std::basic_string<char, std::char_traits<char>, std::allocator<char> >) T 0805cb8c 000001f6
Gui::SysError(char const*) W 0805e910 000000d3
Gui::AddToList(QString) T 0805c2c0 000001ec
Gui::CdUpLocal() W 08060d5e 00000038
Gui::SftpError() W 0805e8d0 0000003f
Gui::Gui(QWidget*) T 08050748 00000ee7
Gui::Gui(QWidget*) T 08051630 00000ee7
Gui::~Gui() W 08060df2 000000a9
Gui::~Gui() W 08060ea4 000000a9
QDir::currentPath() U         
QDir::homePath() U         
QUrl::QUrl(QString const&) U         
QChar::QChar(QLatin1Char) W 0805e34e 0000002f
QFont::setPointSize(int) U         
QFont::setStyleHint(QFont::StyleHint, QFont::StyleStrategy) U         
QFont::setBold(bool) W 0805f616 00000045
QFont::setStyle(QFont::Style) U         
QFont::setWeight(int) U         
QFont::QFont() U         
QFont::~QFont() U         
QHash<QString, bool>::deleteNode(QHashNode<QString, bool>*) W 080529fe 0000003a
QHash<QString, bool>::freeData(QHashData*) W 08052a38 00000087
QHash<QString, bool>::QHash() W 0805299c 00000037
QHash<QString, bool>::~QHash() W 08052ac0 00000047
QIcon::QIcon(QPixmap const&) U         
QIcon::QIcon() U         
QIcon::~QIcon() U         
QMenu::QMenu(QWidget*) U         
QMenu::QMenu(QString const&, QWidget*) U         
QRect::QRect() W 080527f4 00000030
QBrush::QBrush(QColor const&, Qt::BrushStyle) U         
QBrush::~QBrush() U         
QColor::setRgb(int, int, int, int) U         
QColor::QColor(int, int, int, int) W 0805f5e4 00000032
QFlags<QFileDialog::Option>::QFlags(void**) W 0805c2a4 0000000e
QFlags<Qt::WindowType>::QFlags(void**) W 080528c2 0000000e
QFlags<Qt::WindowState>::QFlags(Qt::WindowState) W 0805e31a 0000000d
QFlags<Qt::AlignmentFlag>::QFlags(void**) W 080528b4 0000000e
QFlags<Qt::AlignmentFlag>::QFlags(QFlags<Qt::AlignmentFlag> const&) W 080528a4 0000000f
QFlags<Qt::AlignmentFlag>::QFlags(Qt::AlignmentFlag) W 0805bfa8 0000000d
QFlags<Qt::ImageConversionFlag>::QFlags(Qt::ImageConversionFlag) W 0805e30c 0000000d
QFlags<QDir::SortFlag>::QFlags(QDir::SortFlag) W 0805c060 0000000d
QLabel::QLabel(QString const&, QWidget*, QFlags<Qt::WindowType>) U         
QAction::setEnabled(bool) U         
QAction::QAction(QString const&, QObject*) U         
QCursor::QCursor(Qt::CursorShape) U         
QCursor::~QCursor() U         
QDialog::closeEvent(QCloseEvent*) U         
QDialog::setVisible(bool) U         
QDialog::eventFilter(QObject*, QEvent*) U         
QDialog::qt_metacall(QMetaObject::Call, int, void**) U         
QDialog::qt_metacast(char const*) U         
QDialog::resizeEvent(QResizeEvent*) U         
QDialog::keyPressEvent(QKeyEvent*) U         
QDialog::contextMenuEvent(QContextMenuEvent*) U         
QDialog::staticMetaObject U         
QDialog::done(int) U         
QDialog::accept() U         
QDialog::reject() U         
QDialog::showEvent(QShowEvent*) U         
QDialog::QDialog(QWidget*, QFlags<Qt::WindowType>) U         
QDialog::~QDialog() U         
QLayout::setSpacing(int) U         
QLayout::setMargin(int) U         
QObject::childEvent(QChildEvent*) U         
QObject::timerEvent(QTimerEvent*) U         
QObject::customEvent(QEvent*) U         
QObject::eventFilter(QObject*, QEvent*) U         
QObject::blockSignals(bool) U         
QObject::connectNotify(char const*) U         
QObject::disconnectNotify(char const*) U         
QObject::connect(QObject const*, char const*, QObject const*, char const*, Qt::ConnectionType) U         
QPixmap::QPixmap(QString const&, char const*, QFlags<Qt::ImageConversionFlag>) U         
QPixmap::~QPixmap() U         
QString::shared_null U         
QString::fromAscii_helper(char const*, int) U         
QString::free(QString::Data*) U         
QString::append(char const*) W 0805e41a 0000007d
QString::append(QString const&) U         
QString::fromAscii(char const*, int) U         
QString::operator=(QString const&) U         
QString::QString(char const*) W 080526b2 0000002f
QString::QString(QString const&) W 0805e37e 00000059
QString::QString() W 0805bfb6 00000034
QString::~QString() W 080526e2 00000041
QWidget::closeEvent(QCloseEvent*) U         
QWidget::enterEvent(QEvent*) U         
QWidget::fontChange(QFont const&) U         
QWidget::leaveEvent(QEvent*) U         
QWidget::paintEvent(QPaintEvent*) U         
QWidget::setEnabled(bool) U         
QWidget::setPalette(QPalette const&) U         
QWidget::setToolTip(QString const&) U         
QWidget::setVisible(bool) U         
QWidget::wheelEvent(QWheelEvent*) U         
QWidget::actionEvent(QActionEvent*) U         
QWidget::changeEvent(QEvent*) U         
QWidget::qt_metacall(QMetaObject::Call, int, void**) U         
QWidget::qt_metacast(char const*) U         
QWidget::resizeEvent(QResizeEvent*) U         
QWidget::styleChange(QStyle&) U         
QWidget::tabletEvent(QTabletEvent*) U         
QWidget::focusInEvent(QFocusEvent*) U         
QWidget::dragMoveEvent(QDragMoveEvent*) U         
QWidget::enabledChange(bool) U         
QWidget::focusOutEvent(QFocusEvent*) U         
QWidget::keyPressEvent(QKeyEvent*) U         
QWidget::paletteChange(QPalette const&) U         
QWidget::setSizePolicy(QSizePolicy) U         
QWidget::setSizePolicy(QSizePolicy::Policy, QSizePolicy::Policy) W 08052866 0000003e
QWidget::dragEnterEvent(QDragEnterEvent*) U         
QWidget::dragLeaveEvent(QDragLeaveEvent*) U         
QWidget::languageChange() U         
QWidget::mouseMoveEvent(QMouseEvent*) U         
QWidget::setAcceptDrops(bool) U         
QWidget::setMinimumSize(int, int) U         
QWidget::setMinimumSize(QSize const&) W 0805e4c8 00000046
QWidget::setWindowState(QFlags<Qt::WindowState>) U         
QWidget::setWindowTitle(QString const&) U         
QWidget::keyReleaseEvent(QKeyEvent*) U         
QWidget::mousePressEvent(QMouseEvent*) U         
QWidget::setMaximumWidth(int) U         
QWidget::setMinimumWidth(int) U         
QWidget::contextMenuEvent(QContextMenuEvent*) U         
QWidget::inputMethodEvent(QInputMethodEvent*) U         
QWidget::setMaximumHeight(int) U         
QWidget::setMinimumHeight(int) U         
QWidget::staticMetaObject U         
QWidget::mouseReleaseEvent(QMouseEvent*) U         
QWidget::setBackgroundRole(QPalette::ColorRole) U         
QWidget::focusNextPrevChild(bool) U         
QWidget::mouseDoubleClickEvent(QMouseEvent*) U         
QWidget::windowActivationChange(bool) U         
QWidget::show() W 0805c122 0000001f
QWidget::event(QEvent*) U         
QWidget::repaint() U         
QWidget::setFont(QFont const&) U         
QWidget::setFocus(Qt::FocusReason) U         
QWidget::setFocus() W 0805283e 00000028
QWidget::x11Event(_XEvent*) U         
QWidget::addAction(QAction*) U         
QWidget::dropEvent(QDropEvent*) U         
QWidget::hideEvent(QHideEvent*) U         
QWidget::moveEvent(QMoveEvent*) U         
QWidget::setCursor(QCursor const&) U         
QWidget::setHidden(bool) W 0805c0f2 0000002f
QWidget::setLayout(QLayout*) U         
QWidget::showEvent(QShowEvent*) U         
QWidget::QWidget(QWidget*, QFlags<Qt::WindowType>) U         
QWidget::QWidget(QWidget*, QFlags<Qt::WindowType>) U         
QWidget::~QWidget() U         
QMenuBar::leaveEvent(QEvent*) U         
QMenuBar::paintEvent(QPaintEvent*) U         
QMenuBar::actionEvent(QActionEvent*) U         
QMenuBar::changeEvent(QEvent*) U         
QMenuBar::eventFilter(QObject*, QEvent*) U         
QMenuBar::qt_metacall(QMetaObject::Call, int, void**) U         
QMenuBar::qt_metacast(char const*) U         
QMenuBar::resizeEvent(QResizeEvent*) U         
QMenuBar::focusInEvent(QFocusEvent*) U         
QMenuBar::focusOutEvent(QFocusEvent*) U         
QMenuBar::keyPressEvent(QKeyEvent*) U         
QMenuBar::mouseMoveEvent(QMouseEvent*) U         
QMenuBar::mousePressEvent(QMouseEvent*) U         
QMenuBar::staticMetaObject U         
QMenuBar::mouseReleaseEvent(QMouseEvent*) U         
QMenuBar::event(QEvent*) U         
QMenuBar::addMenu(QMenu*) U         
QMenuBar::QMenuBar(QWidget*) U         
QMenuBar::~QMenuBar() U         
QPalette::setBrush(QPalette::ColorGroup, QPalette::ColorRole, QBrush const&) U         
QPalette::setColor(QPalette::ColorGroup, QPalette::ColorRole, QColor const&) W 0805f65c 00000078
QPalette::operator=(QPalette const&) U         
QPalette::QPalette() U         
QPalette::~QPalette() U         
QSpinBox::setMaximum(int) U         
QSpinBox::setMinimum(int) U         
QSpinBox::setValue(int) U         
QSpinBox::QSpinBox(QWidget*) U         
QVariant::Private::Private() W 0805c06e 0000002a
QVariant::QVariant(char const*) U         
QVariant::QVariant(QString const&) U         
QVariant::QVariant() W 0805c098 00000027
QVariant::~QVariant() U         
QCheckBox::setCheckState(Qt::CheckState) U         
QCheckBox::QCheckBox(QString const&, QWidget*) U         
QComboBox::insertItem(int, QIcon const&, QString const&, QVariant const&) U         
QComboBox::insertItem(int, QString const&, QVariant const&) W 0805c1f2 00000079
QComboBox::setEditable(bool) U         
QComboBox::setCurrentIndex(int) U         
QComboBox::setInsertPolicy(QComboBox::InsertPolicy) U         
QComboBox::setAutoCompletion(bool) U         
QComboBox::addItem(QString const&, QVariant const&) W 0805c26c 00000038
QComboBox::QComboBox(QWidget*) U         
QDirModel::setSorting(QFlags<QDir::SortFlag>) U         
QDirModel::setReadOnly(bool) U         
QDirModel::setIconProvider(QFileIconProvider*) U         
QDirModel::QDirModel(QObject*) U         
QGroupBox::QGroupBox(QString const&, QWidget*) U         
QHashData::shared_null U         
QHashData::destroyAndFree() U         
QHashData::freeNode(void*) U         
QHashNode<QString, bool>::~QHashNode() W 080529d4 0000002a
QHostInfo::localHostName() U         
QLineEdit::setEchoMode(QLineEdit::EchoMode) U         
QLineEdit::clear() U         
QLineEdit::setText(QString const&) U         
QLineEdit::QLineEdit(QWidget*) U         
QListView::setResizeMode(QListView::ResizeMode) U         
QTextEdit::setReadOnly(bool) U         
QTextEdit::scrollToAnchor(QString const&) U         
QTextEdit::append(QString const&) U         
QTextEdit::QTextEdit(QWidget*) U         
QTreeView::QTreeView(QWidget*) U         
QByteArray::length() const W 08052654 0000000d
QByteArray::constData() const W 080526a4 0000000d
QLatin1Char::unicode() const W 0805e33e 0000000f
QListWidget::currentItem() const U         
QListWidget::item(int) const U         
QListWidget::count() const U         
AbstractMenu::metaObject() const T 08060f50 00000017
AbstractSftp::metaObject() const T 080611ce 00000017
AbstractTermEmu::metaObject() const T 08061594 00000017
QAbstractButton::isChecked() const U         
QAbstractSocket::socketDescriptor() const U         
QListWidgetItem::text() const W 0805c170 00000082
AbstractDetailsWin::metaObject() const T 080610ec 00000017
Gui::metaObject() const T 08060668 00000017
Gui::GetLoginMethod() const T 0805c5ee 00000091
Gui::Host() const W 0805e63e 000000c1
Gui::Pass() const W 0805e700 000000d0
Gui::Port() const W 0805e8a0 00000030
Gui::User() const W 0805e7d0 000000d0
QUrl::isEmpty() const U         
QUrl::isValid() const U         
QIcon::operator QVariant() const U         
QRect::width() const W 0805c0c0 00000017
QSize::width() const W 0805e498 0000000a
QSize::height() const W 0805e4a2 0000000b
QDialog::minimumSizeHint() const U         
QDialog::sizeHint() const U         
QObject::connect(QObject const*, char const*, char const*, Qt::ConnectionType) const W 0805c028 00000037
QString::toStdString() const W 08052724 000000cf
QString::arg(int, int, int, QChar const&) const W 0805e3d8 00000042
QString::arg(long long, int, int, QChar const&) const U         
QString::isNull() const W 0805bfea 00000026
QString::isEmpty() const W 0805c010 00000017
QString::toAscii() const U         
QWidget::paintEngine() const U         
QWidget::heightForWidth(int) const U         
QWidget::minimumSizeHint() const U         
QWidget::inputMethodQuery(Qt::InputMethodQuery) const U         
QWidget::width() const W 0805c142 0000002d
QWidget::metric(QPaintDevice::PaintDeviceMetric) const U         
QWidget::devType() const U         
QWidget::sizeHint() const U         
QMenuBar::heightForWidth(int) const U         
QMenuBar::minimumSizeHint() const U         
QMenuBar::sizeHint() const U         
QSpinBox::value() const U         
QVariant::toString() const U         
QComboBox::count() const U         
QDirModel::index(QString const&, int) const U         
QLineEdit::text() const U         
std::basic_string<char, std::char_traits<char>, std::allocator<char> >::c_str() const@@GLIBCXX_3.4 U         
std::basic_string<char, std::char_traits<char>, std::allocator<char> >::empty() const@@GLIBCXX_3.4 U         
std::basic_ostringstream<char, std::char_traits<char>, std::allocator<char> >::str() const@@GLIBCXX_3.4 U         
std::allocator<char>::allocator()@@GLIBCXX_3.4 U         
std::allocator<char>::~allocator()@@GLIBCXX_3.4 U         
std::basic_ostream<char, std::char_traits<char> >::seekp(long long, std::_Ios_Seekdir)@@GLIBCXX_3.4 U         
std::basic_ostream<char, std::char_traits<char> >::operator<<(std::basic_ostream<char, std::char_traits<char> >& (*)(std::basic_ostream<char, std::char_traits<char> >&))@@GLIBCXX_3.4 U         
std::basic_string<char, std::char_traits<char>, std::allocator<char> >::append(char const*)@@GLIBCXX_3.4 U         
std::basic_string<char, std::char_traits<char>, std::allocator<char> >::basic_string(char const*, unsigned int, std::allocator<char> const&)@@GLIBCXX_3.4 U         
std::basic_string<char, std::char_traits<char>, std::allocator<char> >::basic_string(char const*, std::allocator<char> const&)@@GLIBCXX_3.4 U         
std::basic_string<char, std::char_traits<char>, std::allocator<char> >::basic_string(std::basic_string<char, std::char_traits<char>, std::allocator<char> > const&)@@GLIBCXX_3.4 U         
std::basic_string<char, std::char_traits<char>, std::allocator<char> >::~basic_string()@@GLIBCXX_3.4 U         
std::basic_ostringstream<char, std::char_traits<char>, std::allocator<char> >::basic_ostringstream(std::_Ios_Openmode)@@GLIBCXX_3.4 U         
std::basic_ostringstream<char, std::char_traits<char>, std::allocator<char> >::~basic_ostringstream()@@GLIBCXX_3.4 U         
std::pair<char const*, char>::pair(char const* const&, char const&) W 0805fcd6 0000001a
std::ios_base::Init::Init()@@GLIBCXX_3.4 U         
std::ios_base::Init::~Init()@@GLIBCXX_3.4 U         
operator new(unsigned int)@@GLIBCXX_3.4 U         
std::cerr@@GLIBCXX_3.4 U         
std::cout@@GLIBCXX_3.4 U         
std::basic_ostream<char, std::char_traits<char> >& std::endl<char, std::char_traits<char> >(std::basic_ostream<char, std::char_traits<char> >&)@@GLIBCXX_3.4 U         
std::basic_ostream<char, std::char_traits<char> >& std::ends<char, std::char_traits<char> >(std::basic_ostream<char, std::char_traits<char> >&)@@GLIBCXX_3.4 U         
std::__ioinit b 08079ad8 00000001
std::__ioinit b 08079ae8 00000001
std::__ioinit b 08079aec 00000001
std::__ioinit b 08079b00 00000001
std::__ioinit b 08079b70 00000001
std::__ioinit b 08079b74 00000001
std::__ioinit b 08079b78 00000001
std::pair<char const*, char> std::make_pair<char const*, char>(char const*, char) W 0805fcf0 0000003c
std::basic_ostream<char, std::char_traits<char> >& std::operator<< <char, std::char_traits<char>, std::allocator<char> >(std::basic_ostream<char, std::char_traits<char> >&, std::basic_string<char, std::char_traits<char>, std::allocator<char> > const&)@@GLIBCXX_3.4 U         
std::basic_ostream<char, std::char_traits<char> >& std::operator<< <std::char_traits<char> >(std::basic_ostream<char, std::char_traits<char> >&, char)@@GLIBCXX_3.4 U         
std::basic_ostream<char, std::char_traits<char> >& std::operator<< <std::char_traits<char> >(std::basic_ostream<char, std::char_traits<char> >&, char const*)@@GLIBCXX_3.4 U         
non-virtual thunk to AbstractMenu::~AbstractMenu() W 0806107e 00000007
non-virtual thunk to AbstractMenu::~AbstractMenu() W 08061010 00000007
non-virtual thunk to AbstractSftp::~AbstractSftp() W 08061448 00000007
non-virtual thunk to AbstractSftp::~AbstractSftp() W 080613da 00000007
non-virtual thunk to AbstractTermEmu::~AbstractTermEmu() W 080617ea 00000007
non-virtual thunk to AbstractTermEmu::~AbstractTermEmu() W 08061738 00000007
non-virtual thunk to AbstractDetailsWin::~AbstractDetailsWin() W 08061524 00000007
non-virtual thunk to AbstractDetailsWin::~AbstractDetailsWin() W 080614b6 00000007
non-virtual thunk to Gui::~Gui() W 08060dea 00000007
non-virtual thunk to Gui::~Gui() W 08060e9c 00000007
non-virtual thunk to QWidget::paintEngine() const U         
non-virtual thunk to QWidget::metric(QPaintDevice::PaintDeviceMetric) const U         
non-virtual thunk to QWidget::devType() const U         
typeinfo for QMainWindow U         
typeinfo for AbstractMenu V 08079360 0000000c
typeinfo for AbstractSftp V 08079488 0000000c
typeinfo for AbstractTermEmu V 080796bc 0000000c
typeinfo for AbstractDetailsWin V 0807947c 0000000c
typeinfo for Gui V 08079254 0000000c
typeinfo for QDialog U         
typeinfo for QWidget U         
typeinfo for QMenuBar U         
typeinfo for std::exception@@GLIBCXX_3.4 U         
typeinfo name for AbstractMenu V 08071bd4 0000000f
typeinfo name for AbstractSftp V 08071c4f 0000000f
typeinfo name for AbstractTermEmu V 08071e00 00000012
typeinfo name for AbstractDetailsWin V 08071c3a 00000015
typeinfo name for Gui V 0807161c 00000005
vtable for QLayoutItem U         
vtable for QSpacerItem U         
vtable for AbstractMenu V 08079380 000000fc
vtable for AbstractSftp V 080795c0 000000fc
vtable for AbstractTermEmu V 080796e0 000000fc
vtable for AbstractDetailsWin V 080794a0 00000108
vtable for Gui V 08079260 00000100
vtable for __cxxabiv1::__si_class_type_info@@CXXABI_1.3 U         
Cli::Initialize(int, char**)::long_opt b 08079b20 00000050
